
> starter_helpi@0.1.0 test
> react-scripts test --coverage

  console.error
    Warning: validateDOMNesting(...): <div> cannot appear as a descendant of <p>.
        at div
        at p
        at header
        at div
        at App (/home/runner/work/cisc275_finalproj-/cisc275_finalproj-/src/App.tsx:15:33)

      4 |
      5 | test('renders learn react link', () => {
    > 6 |   render(<App />);
        |         ^
      7 |   const linkElement = screen.getByText(/learn react/i);
      8 |   expect(linkElement).toBeInTheDocument();
      9 | });

      at printWarning (node_modules/react-dom/cjs/react-dom.development.js:86:30)
      at error (node_modules/react-dom/cjs/react-dom.development.js:60:7)
      at validateDOMNesting (node_modules/react-dom/cjs/react-dom.development.js:10849:7)
      at createInstance (node_modules/react-dom/cjs/react-dom.development.js:10930:5)
      at completeWork (node_modules/react-dom/cjs/react-dom.development.js:22187:28)
      at completeUnitOfWork (node_modules/react-dom/cjs/react-dom.development.js:26593:16)
      at performUnitOfWork (node_modules/react-dom/cjs/react-dom.development.js:26568:5)
      at workLoopSync (node_modules/react-dom/cjs/react-dom.development.js:26466:5)
      at renderRootSync (node_modules/react-dom/cjs/react-dom.development.js:26434:7)
      at performConcurrentWorkOnRoot (node_modules/react-dom/cjs/react-dom.development.js:25738:74)
      at flushActQueue (node_modules/react/cjs/react.development.js:2667:24)
      at act (node_modules/react/cjs/react.development.js:2582:11)
      at node_modules/@testing-library/react/dist/act-compat.js:63:25
      at renderRoot (node_modules/@testing-library/react/dist/pure.js:159:26)
      at render (node_modules/@testing-library/react/dist/pure.js:246:10)
      at Object.<anonymous> (src/App.test.tsx:6:9)
      at TestScheduler.scheduleTests (node_modules/@jest/core/build/TestScheduler.js:333:13)
      at runJest (node_modules/@jest/core/build/runJest.js:404:19)
      at _run10000 (node_modules/@jest/core/build/cli/index.js:320:7)
      at runCLI (node_modules/@jest/core/build/cli/index.js:173:3)

PASS src/App.test.tsx
  ✓ renders learn react link (77 ms)

------------------------|---------|----------|---------|---------|-------------------
File                    | % Stmts | % Branch | % Funcs | % Lines | Uncovered Line #s 
------------------------|---------|----------|---------|---------|-------------------
All files               |   26.66 |    33.33 |      10 |   26.66 |                   
 src                    |   29.62 |    33.33 |    12.5 |   29.62 |                   
  App.tsx               |      50 |       50 |   16.66 |      50 | 11,22-45          
  index.tsx             |       0 |      100 |     100 |       0 | 7-19              
  reportWebVitals.ts    |       0 |        0 |       0 |       0 | 3-10              
 src/components         |       0 |      100 |       0 |       0 |                   
  BasicQuestions.tsx    |       0 |        0 |       0 |       0 |                   
  ChatGBT.tsx           |       0 |        0 |       0 |       0 |                   
  DetailedQuestions.tsx |       0 |        0 |       0 |       0 |                   
  Navbar.tsx            |       0 |      100 |       0 |       0 | 6-12              
------------------------|---------|----------|---------|---------|-------------------
Test Suites: 1 passed, 1 total
Tests:       1 passed, 1 total
Snapshots:   0 total
Time:        2.878 s
Ran all test suites.
[0;33mOne of your dependencies, babel-preset-react-app, is importing the
"@babel/plugin-proposal-private-property-in-object" package without
declaring it in its dependencies. This is currently working because
"@babel/plugin-proposal-private-property-in-object" is already in your
node_modules folder for unrelated reasons, but it [1mmay break at any time[0;33m.

babel-preset-react-app is part of the create-react-app project, [1mwhich
is not maintianed anymore[0;33m. It is thus unlikely that this bug will
ever be fixed. Add "@babel/plugin-proposal-private-property-in-object" to
your devDependencies to work around this error. This will make this message
go away.[0m
  
